#0 building with "default" instance using docker driver

#1 [internal] load build definition from Dockerfile
#1 transferring dockerfile: 136B done
#1 DONE 0.0s

#2 resolve image config for docker-image://docker.io/docker/dockerfile:1
#2 DONE -2.0s

#3 docker-image://docker.io/docker/dockerfile:1@sha256:ecfaec9ed6d810b56388c508f4121597bfbba70d41a6dfeee4d8cad5f295fc32
#3 resolve docker.io/docker/dockerfile:1@sha256:ecfaec9ed6d810b56388c508f4121597bfbba70d41a6dfeee4d8cad5f295fc32 0.0s done
#3 CACHED

#4 [internal] load metadata for docker.io/library/alpine:3.22
#4 DONE 0.2s

#5 [internal] load .dockerignore
#5 transferring context: 77B done
#5 DONE 0.0s

#6 [internal] load build context
#6 transferring context: 175B done
#6 DONE 0.0s

#7 [1/3] FROM docker.io/library/alpine:3.22@sha256:14358309a308569c32bdc37e2e0e9694be33a9d99e68afb0f5ff33cc1f695dce
#7 resolve docker.io/library/alpine:3.22@sha256:14358309a308569c32bdc37e2e0e9694be33a9d99e68afb0f5ff33cc1f695dce 0.0s done
#7 DONE 0.0s

#8 [2/3] WORKDIR /app
#8 CACHED

#9 [3/3] COPY . .
#9 DONE 0.0s

#10 exporting to image
#10 exporting layers 0.1s done
#10 exporting manifest sha256:068995dd6ecc44d44a5d64fea44ea5490fff75d0fd7f0f9b5930809dcafd09b0 done
#10 exporting config sha256:602881a13d65aeea1a14489da43808491e64986977e780eca887aad34feadd58 done
#10 exporting attestation manifest sha256:0cd3f6c25a1ee069c9a352bb9c9c24a786227d4f6110435cbf9ecc57950ae552 0.0s done
#10 exporting manifest list sha256:794be05a2034338a47bd37c1b282a83616ff514942c0c5473c98021a24799d4e 0.0s done
#10 naming to docker.io/library/context-lab:after done
#10 unpacking to docker.io/library/context-lab:after 0.0s done
#10 DONE 0.2s
